
running 33 tests
. 1/33
net::render::tests::look_direction_pitches_without_flipping_heading --- FAILED
...............................
failures:

---- net::render::tests::look_direction_pitches_without_flipping_heading stdout ----

thread 'net::render::tests::look_direction_pitches_without_flipping_heading' (1209072) panicked at src/net/render.rs:893:9:
positive pitch looks up, got Vec3(0.0, -0.47942555, 0.87758255)
note: run with `RUST_BACKTRACE=1` environment variable to display a backtrace


failures:
    net::render::tests::look_direction_pitches_without_flipping_heading

test result: FAILED. 32 passed; 1 failed; 0 ignored; 0 measured; 0 filtered out; finished in 0.00s

error: test failed, to rerun pass `--lib`
TEST_EXIT=101
